<html>
<body>
<pre>
<h1>µVision Build Log</h1>
<h2>Project:</h2>
F:\MCT\Fall 2017(A7eeh)\Microcontrollers\KEIL_PROJECTS\Measuring_freq_2\measuring_frequency.uvproj
Project File Date:  12/14/2017

<h2>Output:</h2>
Rebuild target 'Target 1'
assembling startup_TM4C123.s...
compiling timer_init.c...
compiling Calculating_period.c...
Calculating_period.c(27): warning:  #1-D: last line of file ends without a newline
  }
Calculating_period.c: 1 warning, 0 errors
compiling SYSTICK_init.c...
compiling Calculating_freq.c...
functions.h(8): warning:  #1-D: last line of file ends without a newline
  void SysTick_Wait1ms(int);
Calculating_freq.c: 1 warning, 0 errors
linking...
Program Size: Code=896 RO-data=652 RW-data=4 ZI-data=612  
".\measuring_frequency.axf" - 0 Error(s), 2 Warning(s).
Load "F:\\MCT\\Fall 2017(A7eeh)\\Microcontrollers\\KEIL_PROJECTS\\Measuring_freq_2\\measuring_frequency.axf" 
Connecting: Mode=JTAG, Speed=1000000Hz
Erase Done.
Programming Done.
Verify OK.
Load "F:\\MCT\\Fall 2017(A7eeh)\\Microcontrollers\\KEIL_PROJECTS\\Measuring_freq_2\\measuring_frequency.axf" 
Connecting: Mode=JTAG, Speed=1000000Hz
Erase Done.
Programming Done.
Verify OK.
Error: Target DLL has been cancelled. Debugger aborted !
Load "F:\\MCT\\Fall 2017(A7eeh)\\Microcontrollers\\KEIL_PROJECTS\\Measuring_freq_2\\measuring_frequency.axf" 
Connecting: Mode=JTAG, Speed=1000000Hz
Connection failed!, error code=&d
Error: Flash Download failed  -  Target DLL has been cancelled
